To honour the JVM settings for this build a single-use Daemon process will be forked. For more on this, please refer to https://docs.gradle.org/8.12/userguide/gradle_daemon.html#sec:disabling_the_daemon in the Gradle documentation.
Daemon will be stopped at the end of the build 

> Configure project :
Java: 21.0.3 JVM: 21.0.3+9-LTS(Eclipse Adoptium) Arch: amd64

> Task :createMinecraftArtifacts UP-TO-DATE

> Task :compileJava
ノート: 一部の入力ファイルは推奨されないAPIを使用またはオーバーライドしています。
ノート: 詳細は、-Xlint:deprecationオプションを指定して再コンパイルしてください。
ノート: 入力ファイルの操作のうち、未チェックまたは安全ではないものがあります。
ノート: 詳細は、-Xlint:uncheckedオプションを指定して再コンパイルしてください。

> Task :processResources
> Task :classes
> Task :jarJar NO-SOURCE
> Task :jar
> Task :assemble
> Task :compileTestJava NO-SOURCE
> Task :processTestResources NO-SOURCE
> Task :testClasses UP-TO-DATE
> Task :test NO-SOURCE
> Task :check UP-TO-DATE
> Task :build

> Task :deploy
deploy: target mods directory does not exist: D:\instances\NeoForge 1.21.1\minecraft\mods

[Incubating] Problems report is available at: file:///C:/WorkDir/Minecraft%20Mods/AlexsCaves/build/reports/problems/problems-report.html

Deprecated Gradle features were used in this build, making it incompatible with Gradle 9.0.

You can use '--warning-mode all' to show the individual deprecation warnings and determine if they come from your own scripts or plugins.

For more on this, please refer to https://docs.gradle.org/8.12/userguide/command_line_interface.html#sec:command_line_warnings in the Gradle documentation.

BUILD SUCCESSFUL in 15s
5 actionable tasks: 4 executed, 1 up-to-date
