To honour the JVM settings for this build a single-use Daemon process will be forked. For more on this, please refer to https://docs.gradle.org/8.12/userguide/gradle_daemon.html#sec:disabling_the_daemon in the Gradle documentation.
Daemon will be stopped at the end of the build 

> Configure project :
Java: 21.0.3 JVM: 21.0.3+9-LTS(Eclipse Adoptium) Arch: amd64

> Task :createMinecraftArtifacts UP-TO-DATE

> Task :compileJava
C:\WorkDir\Minecraft Mods\AlexsCaves\src\main\java\com\github\alexmodguy\alexscaves\compat\jei\AlexsCavesPlugin.java:92: 警告: [removal] ISubtypeRegistrationのregisterSubtypeInterpreter(Item,IIngredientSubtypeInterpreter<ItemStack>)は推奨されておらず、削除用にマークされています
        registration.registerSubtypeInterpreter(ACItemRegistry.CAVE_TABLET.get(), CaveTabletSubtypeInterpreter.INSTANCE);
                    ^
C:\WorkDir\Minecraft Mods\AlexsCaves\src\main\java\com\github\alexmodguy\alexscaves\compat\jei\AlexsCavesPlugin.java:93: 警告: [removal] ISubtypeRegistrationのregisterSubtypeInterpreter(Item,IIngredientSubtypeInterpreter<ItemStack>)は推奨されておらず、削除用にマークされています
        registration.registerSubtypeInterpreter(ACItemRegistry.CAVE_CODEX.get(), CaveTabletSubtypeInterpreter.INSTANCE);
                    ^
C:\WorkDir\Minecraft Mods\AlexsCaves\src\main\java\com\github\alexmodguy\alexscaves\compat\jei\NuclearFurnaceRecipeCategory.java:46: 警告: [removal] IRecipeCategoryのgetBackground()は推奨されておらず、削除用にマークされています
    public IDrawable getBackground() {
                     ^
C:\WorkDir\Minecraft Mods\AlexsCaves\src\main\java\com\github\alexmodguy\alexscaves\server\event\CommonEvents.java:137: 警告: [removal] IEntityExtensionのserializeNBT(Provider)は推奨されておらず、削除用にマークされています
            CompoundTag entityTag = event.getTarget() instanceof Player ? new CompoundTag() : event.getTarget().serializeNBT(event.getLevel().registryAccess());
                                                                                                               ^
C:\WorkDir\Minecraft Mods\AlexsCaves\src\main\java\com\github\alexmodguy\alexscaves\server\item\SpearItem.java:65: 警告: [removal] ItemのinitializeClient(Consumer<IClientItemExtensions>)は推奨されておらず、削除用にマークされています
    public void initializeClient(java.util.function.Consumer<IClientItemExtensions> consumer) {
                ^
C:\WorkDir\Minecraft Mods\AlexsCaves\src\main\java\com\github\alexmodguy\alexscaves\server\item\PrimitiveClubItem.java:125: 警告: [removal] IItemExtensionのonEntitySwing(ItemStack,LivingEntity)は推奨されておらず、削除用にマークされています
    public boolean onEntitySwing(ItemStack stack, LivingEntity entity) {
                   ^
C:\WorkDir\Minecraft Mods\AlexsCaves\src\main\java\com\github\alexmodguy\alexscaves\server\item\PrimitiveClubItem.java:115: 警告: [removal] ItemのinitializeClient(Consumer<IClientItemExtensions>)は推奨されておらず、削除用にマークされています
    public void initializeClient(java.util.function.Consumer<IClientItemExtensions> consumer) {
                ^
C:\WorkDir\Minecraft Mods\AlexsCaves\src\main\java\com\telepathicgrunt\tact\ItemModifications.java:50: エラー: インタフェース IItemExtensionのメソッド setDamageは指定された型に適用できません。
        ACItemRegistry.EXTINCTION_SPEAR.get().setDamage(Config.EXTINCTION_SPEAR_MELEE_DAMAGE.get());
                                             ^
  期待値: ItemStack,int
  検出値:    Double
  理由: 実引数リストと仮引数リストの長さが異なります
C:\WorkDir\Minecraft Mods\AlexsCaves\src\main\java\com\telepathicgrunt\tact\ItemModifications.java:50: エラー: 不適合な型: DoubleをItemStackに変換できません:
        ACItemRegistry.EXTINCTION_SPEAR.get().setDamage(Config.EXTINCTION_SPEAR_MELEE_DAMAGE.get());
                                                                                                ^
ノート: 一部の入力ファイルは推奨されないAPIを使用またはオーバーライドしています。
ノート: 詳細は、-Xlint:deprecationオプションを指定して再コンパイルしてください。
ノート: 入力ファイルの操作のうち、未チェックまたは安全ではないものがあります。
ノート: 詳細は、-Xlint:uncheckedオプションを指定して再コンパイルしてください。
ノート: 一部のメッセージは簡略化されています。-Xdiags:verboseで再コンパイルして完全な出力を取得してください
エラー2個
警告7個

> Task :compileJava FAILED

[Incubating] Problems report is available at: file:///C:/WorkDir/Minecraft%20Mods/AlexsCaves/build/reports/problems/problems-report.html

FAILURE: Build failed with an exception.

* What went wrong:
Execution failed for task ':compileJava'.
> Compilation failed; see the compiler output below.
  ノート: 一部のメッセージは簡略化されています。-Xdiags:verboseで再コンパイルして完全な出力を取得してくださいノート: 詳細は、-Xlint:deprecationオプションを指定して再コンパイルしてください。C:\WorkDir\Minecraft Mods\AlexsCaves\src\main\java\com\telepathicgrunt\tact\ItemModifications.java:50: エラー: インタフェース IItemExtensionのメソッド setDamageは指定された型に適用できません。
          ACItemRegistry.EXTINCTION_SPEAR.get().setDamage(Config.EXTINCTION_SPEAR_MELEE_DAMAGE.get());
                                               ^
    期待値: ItemStack,int
    検出値:    Double
    理由: 実引数リストと仮引数リストの長さが異なりますノート: 詳細は、-Xlint:uncheckedオプションを指定して再コンパイルしてください。ノート: 入力ファイルの操作のうち、未チェックまたは安全ではないものがあります。C:\WorkDir\Minecraft Mods\AlexsCaves\src\main\java\com\telepathicgrunt\tact\ItemModifications.java:50: エラー: 不適合な型: DoubleをItemStackに変換できません:
          ACItemRegistry.EXTINCTION_SPEAR.get().setDamage(Config.EXTINCTION_SPEAR_MELEE_DAMAGE.get());
                                                                                                  ^C:\WorkDir\Minecraft Mods\AlexsCaves\src\main\java\com\github\alexmodguy\alexscaves\compat\jei\AlexsCavesPlugin.java:92: 警告: [removal] ISubtypeRegistrationのregisterSubtypeInterpreter(Item,IIngredientSubtypeInterpreter<ItemStack>)は推奨されておらず、削除用にマークされています
          registration.registerSubtypeInterpreter(ACItemRegistry.CAVE_TABLET.get(), CaveTabletSubtypeInterpreter.INSTANCE);
                      ^
  C:\WorkDir\Minecraft Mods\AlexsCaves\src\main\java\com\github\alexmodguy\alexscaves\compat\jei\AlexsCavesPlugin.java:93: 警告: [removal] ISubtypeRegistrationのregisterSubtypeInterpreter(Item,IIngredientSubtypeInterpreter<ItemStack>)は推奨されておらず、削除用にマークされています
          registration.registerSubtypeInterpreter(ACItemRegistry.CAVE_CODEX.get(), CaveTabletSubtypeInterpreter.INSTANCE);
                      ^
  C:\WorkDir\Minecraft Mods\AlexsCaves\src\main\java\com\github\alexmodguy\alexscaves\compat\jei\NuclearFurnaceRecipeCategory.java:46: 警告: [removal] IRecipeCategoryのgetBackground()は推奨されておらず、削除用にマークされています
      public IDrawable getBackground() {
                       ^
  C:\WorkDir\Minecraft Mods\AlexsCaves\src\main\java\com\github\alexmodguy\alexscaves\server\event\CommonEvents.java:137: 警告: [removal] IEntityExtensionのserializeNBT(Provider)は推奨されておらず、削除用にマークされています
              CompoundTag entityTag = event.getTarget() instanceof Player ? new CompoundTag() : event.getTarget().serializeNBT(event.getLevel().registryAccess());
                                                                                                                 ^
  C:\WorkDir\Minecraft Mods\AlexsCaves\src\main\java\com\github\alexmodguy\alexscaves\server\item\SpearItem.java:65: 警告: [removal] ItemのinitializeClient(Consumer<IClientItemExtensions>)は推奨されておらず、削除用にマークされています
      public void initializeClient(java.util.function.Consumer<IClientItemExtensions> consumer) {
                  ^
  C:\WorkDir\Minecraft Mods\AlexsCaves\src\main\java\com\github\alexmodguy\alexscaves\server\item\PrimitiveClubItem.java:125: 警告: [removal] IItemExtensionのonEntitySwing(ItemStack,LivingEntity)は推奨されておらず、削除用にマークされています
      public boolean onEntitySwing(ItemStack stack, LivingEntity entity) {
                     ^
  C:\WorkDir\Minecraft Mods\AlexsCaves\src\main\java\com\github\alexmodguy\alexscaves\server\item\PrimitiveClubItem.java:115: 警告: [removal] ItemのinitializeClient(Consumer<IClientItemExtensions>)は推奨されておらず、削除用にマークされています
      public void initializeClient(java.util.function.Consumer<IClientItemExtensions> consumer) {
                  ^ノート: 一部の入力ファイルは推奨されないAPIを使用またはオーバーライドしています。
  エラー2個
  警告7個

* Try:
> Check your code and dependencies to fix the compilation error(s)
> Run with --scan to get full insights.

Deprecated Gradle features were used in this build, making it incompatible with Gradle 9.0.


You can use '--warning-mode all' to show the individual deprecation warnings and determine if they come from your own scripts or plugins.

BUILD FAILED in 8s
For more on this, please refer to https://docs.gradle.org/8.12/userguide/command_line_interface.html#sec:command_line_warnings in the Gradle documentation.
2 actionable tasks: 1 executed, 1 up-to-date
