To honour the JVM settings for this build a single-use Daemon process will be forked. For more on this, please refer to https://docs.gradle.org/8.12/userguide/gradle_daemon.html#sec:disabling_the_daemon in the Gradle documentation.
Daemon will be stopped at the end of the build 

> Configure project :
Java: 21.0.3 JVM: 21.0.3+9-LTS(Eclipse Adoptium) Arch: amd64

> Task :createMinecraftArtifacts
Loaded 130 artifacts from C:\WorkDir\Minecraft Mods\AlexsCaves\build\tmp\createMinecraftArtifacts\nfrt_artifact_manifest.properties
*** Started working on downloadJson
 DONE  Completed downloadJson in 0.01s
*** Started working on downloadServer
*** Started working on downloadClientMappings
*** Started working on downloadClient
 DONE  Completed downloadClientMappings in 0.02s
 DONE  Completed downloadServer in 0.02s
 DONE  Completed downloadClient in 0.02s
*** Started working on mergeMappings
 REUSE Used cache of mergeMappings in 0.00s
*** Started working on stripClient
 REUSE Used cache of stripClient in 0.00s
*** Started working on extractServer
 REUSE Used cache of extractServer in 0.00s
*** Started working on stripServer
 REUSE Used cache of stripServer in 0.00s
*** Started working on merge
 REUSE Used cache of merge in 0.00s
*** Started working on rename
 REUSE Used cache of rename in 0.00s
*** Started working on decompile
 REUSE Used cache of decompile in 0.00s
*** Started working on inject
 REUSE Used cache of inject in 0.00s
*** Started working on patch
 REUSE Used cache of patch in 0.00s
*** Started working on applyNeoforgePatches
 REUSE Used cache of applyNeoforgePatches in 0.00s
*** Started working on transformSources
 REUSE Used cache of transformSources in 0.00s
*** Started working on recompile
 REUSE Used cache of recompile in 0.00s
*** Started working on sourcesWithNeoForge
 REUSE Used cache of sourcesWithNeoForge in 0.00s
*** Started working on compiledWithNeoForge
 REUSE Used cache of compiledWithNeoForge in 0.00s
*** Started working on sourcesAndCompiledWithNeoForge
 REUSE Used cache of sourcesAndCompiledWithNeoForge in 0.00s
Total runtime: 0.62s


> Task :compileJava
C:\WorkDir\Minecraft Mods\AlexsCaves\src\main\java\com\github\alexmodguy\alexscaves\compat\jei\AlexsCavesPlugin.java:92: 警告: [removal] ISubtypeRegistrationのregisterSubtypeInterpreter(Item,IIngredientSubtypeInterpreter<ItemStack>)は推奨されておらず、削除用にマークされています
        registration.registerSubtypeInterpreter(ACItemRegistry.CAVE_TABLET.get(), CaveTabletSubtypeInterpreter.INSTANCE);
                    ^
C:\WorkDir\Minecraft Mods\AlexsCaves\src\main\java\com\github\alexmodguy\alexscaves\compat\jei\AlexsCavesPlugin.java:93: 警告: [removal] ISubtypeRegistrationのregisterSubtypeInterpreter(Item,IIngredientSubtypeInterpreter<ItemStack>)は推奨されておらず、削除用にマークされています
        registration.registerSubtypeInterpreter(ACItemRegistry.CAVE_CODEX.get(), CaveTabletSubtypeInterpreter.INSTANCE);
                    ^
C:\WorkDir\Minecraft Mods\AlexsCaves\src\main\java\com\github\alexmodguy\alexscaves\compat\jei\CaveTabletSubtypeInterpreter.java:10: 警告: [removal] mezz.jei.api.ingredients.subtypesのIIngredientSubtypeInterpreterは推奨されておらず、削除用にマークされています
public class CaveTabletSubtypeInterpreter implements IIngredientSubtypeInterpreter<ItemStack> {
                                                     ^
C:\WorkDir\Minecraft Mods\AlexsCaves\src\main\java\com\github\alexmodguy\alexscaves\compat\jei\CaveTabletSubtypeInterpreter.java:10: 警告: [removal] mezz.jei.api.ingredients.subtypesのIIngredientSubtypeInterpreterは推奨されておらず、削除用にマークされています
public class CaveTabletSubtypeInterpreter implements IIngredientSubtypeInterpreter<ItemStack> {
                                                     ^
C:\WorkDir\Minecraft Mods\AlexsCaves\src\main\java\com\github\alexmodguy\alexscaves\compat\jei\CaveTabletSubtypeInterpreter.java:18: 警告: [removal] IIngredientSubtypeInterpreterのapply(T,UidContext)は推奨されておらず、削除用にマークされています
    public String apply(ItemStack itemStack, UidContext context) {
                  ^
  Tが型変数の場合:
    インタフェース IIngredientSubtypeInterpreterで宣言されているT extends Object
C:\WorkDir\Minecraft Mods\AlexsCaves\src\main\java\com\github\alexmodguy\alexscaves\compat\jei\NuclearFurnaceRecipeCategory.java:46: 警告: [removal] IRecipeCategoryのgetBackground()は推奨されておらず、削除用にマークされています
    public IDrawable getBackground() {
                     ^
C:\WorkDir\Minecraft Mods\AlexsCaves\src\main\java\com\github\alexmodguy\alexscaves\compat\jei\SpelunkeryTableRecipeCategory.java:38: 警告: [removal] IRecipeCategoryのgetBackground()は推奨されておらず、削除用にマークされています
    public IDrawable getBackground() {
                     ^
C:\WorkDir\Minecraft Mods\AlexsCaves\src\main\java\com\github\alexmodguy\alexscaves\server\block\fluid\AcidFluidType.java:39: 警告: [removal] FluidTypeのinitializeClient(Consumer<IClientFluidTypeExtensions>)は推奨されておらず、削除用にマークされています
    public void initializeClient(Consumer<IClientFluidTypeExtensions> consumer) {
                ^
C:\WorkDir\Minecraft Mods\AlexsCaves\src\main\java\com\github\alexmodguy\alexscaves\server\block\fluid\PurpleSodaFluidType.java:40: 警告: [removal] FluidTypeのinitializeClient(Consumer<IClientFluidTypeExtensions>)は推奨されておらず、削除用にマークされています
    public void initializeClient(Consumer<IClientFluidTypeExtensions> consumer) {
                ^
C:\WorkDir\Minecraft Mods\AlexsCaves\src\main\java\com\github\alexmodguy\alexscaves\server\entity\ACEntityRegistry.java:20: 警告: [removal] EventBusSubscriberのbus()は推奨されておらず、削除用にマークされています
@EventBusSubscriber(modid = AlexsCaves.MODID, bus = EventBusSubscriber.Bus.MOD)
                                              ^
C:\WorkDir\Minecraft Mods\AlexsCaves\src\main\java\com\github\alexmodguy\alexscaves\server\entity\ACEntityRegistry.java:20: 警告: [removal] EventBusSubscriberのBusは推奨されておらず、削除用にマークされています
@EventBusSubscriber(modid = AlexsCaves.MODID, bus = EventBusSubscriber.Bus.MOD)
                                                                      ^
C:\WorkDir\Minecraft Mods\AlexsCaves\src\main\java\com\github\alexmodguy\alexscaves\server\event\CommonEvents.java:136: 警告: [removal] IEntityExtensionのserializeNBT(Provider)は推奨されておらず、削除用にマークされています
            CompoundTag entityTag = event.getTarget() instanceof Player ? new CompoundTag() : event.getTarget().serializeNBT(event.getLevel().registryAccess());
                                                                                                               ^
C:\WorkDir\Minecraft Mods\AlexsCaves\src\main\java\com\github\alexmodguy\alexscaves\server\item\BlockItemWithISTER.java:16: 警告: [removal] ItemのinitializeClient(Consumer<IClientItemExtensions>)は推奨されておらず、削除用にマークされています
    public void initializeClient(java.util.function.Consumer<IClientItemExtensions> consumer) {
                ^
C:\WorkDir\Minecraft Mods\AlexsCaves\src\main\java\com\github\alexmodguy\alexscaves\server\item\CaveMapItem.java:47: 警告: [removal] ItemのinitializeClient(Consumer<IClientItemExtensions>)は推奨されておらず、削除用にマークされています
    public void initializeClient(java.util.function.Consumer<IClientItemExtensions> consumer) {
                ^
C:\WorkDir\Minecraft Mods\AlexsCaves\src\main\java\com\github\alexmodguy\alexscaves\server\item\DarknessArmorItem.java:63: 警告: [removal] ItemのinitializeClient(Consumer<IClientItemExtensions>)は推奨されておらず、削除用にマークされています
    public void initializeClient(java.util.function.Consumer<IClientItemExtensions> consumer) {
                ^
C:\WorkDir\Minecraft Mods\AlexsCaves\src\main\java\com\github\alexmodguy\alexscaves\server\item\DivingArmorItem.java:57: 警告: [removal] ItemのinitializeClient(Consumer<IClientItemExtensions>)は推奨されておらず、削除用にマークされています
    public void initializeClient(java.util.function.Consumer<IClientItemExtensions> consumer) {
                ^
C:\WorkDir\Minecraft Mods\AlexsCaves\src\main\java\com\github\alexmodguy\alexscaves\server\item\DreadbowItem.java:54: 警告: [removal] ItemのinitializeClient(Consumer<IClientItemExtensions>)は推奨されておらず、削除用にマークされています
    public void initializeClient(java.util.function.Consumer<IClientItemExtensions> consumer) {
                ^
C:\WorkDir\Minecraft Mods\AlexsCaves\src\main\java\com\github\alexmodguy\alexscaves\server\item\SpearItem.java:59: 警告: [removal] ItemのinitializeClient(Consumer<IClientItemExtensions>)は推奨されておらず、削除用にマークされています
    public void initializeClient(java.util.function.Consumer<IClientItemExtensions> consumer) {
                ^
C:\WorkDir\Minecraft Mods\AlexsCaves\src\main\java\com\github\alexmodguy\alexscaves\server\item\GalenaGauntletItem.java:32: 警告: [removal] ItemのinitializeClient(Consumer<IClientItemExtensions>)は推奨されておらず、削除用にマークされています
    public void initializeClient(java.util.function.Consumer<IClientItemExtensions> consumer) {
                ^
C:\WorkDir\Minecraft Mods\AlexsCaves\src\main\java\com\github\alexmodguy\alexscaves\server\item\GingerbreadArmorItem.java:59: 警告: [removal] ItemのinitializeClient(Consumer<IClientItemExtensions>)は推奨されておらず、削除用にマークされています
    public void initializeClient(java.util.function.Consumer<IClientItemExtensions> consumer) {
                ^
C:\WorkDir\Minecraft Mods\AlexsCaves\src\main\java\com\github\alexmodguy\alexscaves\server\item\HazmatArmorItem.java:30: 警告: [removal] ItemのinitializeClient(Consumer<IClientItemExtensions>)は推奨されておらず、削除用にマークされています
    public void initializeClient(java.util.function.Consumer<IClientItemExtensions> consumer) {
                ^
C:\WorkDir\Minecraft Mods\AlexsCaves\src\main\java\com\github\alexmodguy\alexscaves\server\item\HolocoderItem.java:41: 警告: [removal] IEntityExtensionのserializeNBT(Provider)は推奨されておらず、削除用にマークされています
        CompoundTag entityTag = target instanceof Player ? new CompoundTag() : target.serializeNBT(player.level().registryAccess());
                                                                                     ^
C:\WorkDir\Minecraft Mods\AlexsCaves\src\main\java\com\github\alexmodguy\alexscaves\server\item\OrtholanceItem.java:183: 警告: [removal] ItemのinitializeClient(Consumer<IClientItemExtensions>)は推奨されておらず、削除用にマークされています
    public void initializeClient(java.util.function.Consumer<IClientItemExtensions> consumer) {
                ^
C:\WorkDir\Minecraft Mods\AlexsCaves\src\main\java\com\github\alexmodguy\alexscaves\server\item\PrimitiveClubItem.java:123: 警告: [removal] IItemExtensionのonEntitySwing(ItemStack,LivingEntity)は推奨されておらず、削除用にマークされています
    public boolean onEntitySwing(ItemStack stack, LivingEntity entity) {
                   ^
C:\WorkDir\Minecraft Mods\AlexsCaves\src\main\java\com\github\alexmodguy\alexscaves\server\item\PrimitiveClubItem.java:113: 警告: [removal] ItemのinitializeClient(Consumer<IClientItemExtensions>)は推奨されておらず、削除用にマークされています
    public void initializeClient(java.util.function.Consumer<IClientItemExtensions> consumer) {
                ^
C:\WorkDir\Minecraft Mods\AlexsCaves\src\main\java\com\github\alexmodguy\alexscaves\server\item\PrimordialArmorItem.java:26: 警告: [removal] ItemのinitializeClient(Consumer<IClientItemExtensions>)は推奨されておらず、削除用にマークされています
    public void initializeClient(java.util.function.Consumer<IClientItemExtensions> consumer) {
                ^
C:\WorkDir\Minecraft Mods\AlexsCaves\src\main\java\com\github\alexmodguy\alexscaves\server\item\RainbounceBootsItem.java:30: 警告: [removal] ItemのinitializeClient(Consumer<IClientItemExtensions>)は推奨されておらず、削除用にマークされています
    public void initializeClient(java.util.function.Consumer<IClientItemExtensions> consumer) {
                ^
C:\WorkDir\Minecraft Mods\AlexsCaves\src\main\java\com\github\alexmodguy\alexscaves\server\item\RaygunItem.java:55: 警告: [removal] ItemのinitializeClient(Consumer<IClientItemExtensions>)は推奨されておらず、削除用にマークされています
    public void initializeClient(java.util.function.Consumer<IClientItemExtensions> consumer) {
                ^
C:\WorkDir\Minecraft Mods\AlexsCaves\src\main\java\com\github\alexmodguy\alexscaves\server\item\ResistorShieldItem.java:31: 警告: [removal] ItemのinitializeClient(Consumer<IClientItemExtensions>)は推奨されておらず、削除用にマークされています
    public void initializeClient(java.util.function.Consumer<IClientItemExtensions> consumer) {
                ^
C:\WorkDir\Minecraft Mods\AlexsCaves\src\main\java\com\github\alexmodguy\alexscaves\server\item\SeaStaffItem.java:32: 警告: [removal] ItemのinitializeClient(Consumer<IClientItemExtensions>)は推奨されておらず、削除用にマークされています
    public void initializeClient(java.util.function.Consumer<IClientItemExtensions> consumer) {
                ^
C:\WorkDir\Minecraft Mods\AlexsCaves\src\main\java\com\github\alexmodguy\alexscaves\server\item\ShotGumItem.java:35: 警告: [removal] ItemのinitializeClient(Consumer<IClientItemExtensions>)は推奨されておらず、削除用にマークされています
    public void initializeClient(java.util.function.Consumer<IClientItemExtensions> consumer) {
                ^
C:\WorkDir\Minecraft Mods\AlexsCaves\src\main\java\com\github\alexmodguy\alexscaves\server\item\SugarStaffItem.java:30: 警告: [removal] ItemのinitializeClient(Consumer<IClientItemExtensions>)は推奨されておらず、削除用にマークされています
    public void initializeClient(java.util.function.Consumer<IClientItemExtensions> consumer) {
                ^
C:\WorkDir\Minecraft Mods\AlexsCaves\src\main\java\com\github\alexmodguy\alexscaves\server\item\TotemOfPossessionItem.java:200: 警告: [removal] IEntityExtensionのserializeNBT(Provider)は推奨されておらず、削除用にマークされています
                                    CompoundTag entityTag = target.serializeNBT(level.registryAccess());
                                                                  ^
C:\WorkDir\Minecraft Mods\AlexsCaves\src\main\java\com\github\alexmodguy\alexscaves\server\item\TotemOfPossessionItem.java:319: 警告: [removal] IEntityExtensionのserializeNBT(Provider)は推奨されておらず、削除用にマークされています
            CompoundTag entityTag = hurtMob.serializeNBT(hurtMob.level().registryAccess());
                                           ^
ノート: 一部の入力ファイルは推奨されないAPIを使用またはオーバーライドしています。
ノート: 詳細は、-Xlint:deprecationオプションを指定して再コンパイルしてください。
ノート: 入力ファイルの操作のうち、未チェックまたは安全ではないものがあります。
ノート: 詳細は、-Xlint:uncheckedオプションを指定して再コンパイルしてください。
警告34個

[Incubating] Problems report is available at: file:///C:/WorkDir/Minecraft%20Mods/AlexsCaves/build/reports/problems/problems-report.html

Deprecated Gradle features were used in this build, making it incompatible with Gradle 9.0.

You can use '--warning-mode all' to show the individual deprecation warnings and determine if they come from your own scripts or plugins.

For more on this, please refer to https://docs.gradle.org/8.12/userguide/command_line_interface.html#sec:command_line_warnings in the Gradle documentation.

BUILD SUCCESSFUL in 14s
2 actionable tasks: 2 executed
